Archive member included because of file (symbol)

../../..//mcu/libfitkit/build\libfitkit_f1xx.a(fitkitlib_f1xx.o)
                              build/mcu/main_f1xx.o (initialize_hardware)
../../..//mcu/libfitkit/build\libfitkit_f1xx.a(flash_f1xx.o)
                              ../../..//mcu/libfitkit/build\libfitkit_f1xx.a(fitkitlib_f1xx.o) (flash_init)
../../..//mcu/libfitkit/build\libfitkit_f1xx.a(flash_fpga_f1xx.o)
                              ../../..//mcu/libfitkit/build\libfitkit_f1xx.a(fitkitlib_f1xx.o) (FPGAConfig_init)
../../..//mcu/libfitkit/build\libfitkit_f1xx.a(fpga_f1xx.o)
                              ../../..//mcu/libfitkit/build\libfitkit_f1xx.a(fitkitlib_f1xx.o) (FPGA_init)
../../..//mcu/libfitkit/build\libfitkit_f1xx.a(globfun_f1xx.o)
                              ../../..//mcu/libfitkit/build\libfitkit_f1xx.a(flash_f1xx.o) (long2str)
../../..//mcu/libfitkit/build\libfitkit_f1xx.a(spi_f1xx.o)
                              ../../..//mcu/libfitkit/build\libfitkit_f1xx.a(fitkitlib_f1xx.o) (SPI_Init)
../../..//mcu/libfitkit/build\libfitkit_f1xx.a(terminal_f1xx.o)
                              ../../..//mcu/libfitkit/build\libfitkit_f1xx.a(fitkitlib_f1xx.o) (terminal_init)
../../..//mcu/libfitkit/build\libfitkit_f1xx.a(timer_b_f1xx.o)
                              ../../..//mcu/libfitkit/build\libfitkit_f1xx.a(fitkitlib_f1xx.o) (timerb_init)
../../..//mcu/libfitkit/build\libfitkit_f1xx.a(uart_f1xx.o)
                              ../../..//mcu/libfitkit/build\libfitkit_f1xx.a(terminal_f1xx.o) (serial_init)
../../..//mcu/libfitkit/build\libfitkit_f1xx.a(filetransfer_f1xx.o)
                              ../../..//mcu/libfitkit/build\libfitkit_f1xx.a(fitkitlib_f1xx.o) (SPI_WriteFile)
../../..//mcu/libfitkit/build\libfitkit_f1xx.a(cmd_f1xx.o)
                              ../../..//mcu/libfitkit/build\libfitkit_f1xx.a(terminal_f1xx.o) (term_cmd_clear)
C:\Program Files\mspgcc\bin\..\lib\gcc-lib\msp430\3.2.3\libgcc.a(__stop_progExec__.o)
                              build/mcu/main_f1xx.o (__stop_progExec__)
C:\Program Files\mspgcc\bin\..\lib\gcc-lib\msp430\3.2.3\libgcc.a(_mulsi3hw.o)
                              ../../..//mcu/libfitkit/build\libfitkit_f1xx.a(flash_f1xx.o) (__umulsi3hw)
C:\Program Files\mspgcc\bin\..\lib\gcc-lib\msp430\3.2.3\libgcc.a(_udivmodsi4.o)
                              ../../..//mcu/libfitkit/build\libfitkit_f1xx.a(flash_f1xx.o) (__udivmodsi4)
C:\Program Files\mspgcc\bin\..\lib\gcc-lib\msp430\3.2.3\libgcc.a(_divmodsi4.o)
                              ../../..//mcu/libfitkit/build\libfitkit_f1xx.a(flash_f1xx.o) (__divmodsi4)
C:\Program Files\mspgcc\bin\..\lib\gcc-lib\msp430\3.2.3\libgcc.a(_reset_vector__.o)
                              C:\Program Files\mspgcc\bin\..\lib\gcc-lib\msp430\3.2.3\..\..\..\..\msp430\lib\crt430x168.o (_reset_vector__)
C:\Program Files\mspgcc\bin\..\lib\gcc-lib\msp430\3.2.3\libgcc.a(__low_level_init.o)
                              C:\Program Files\mspgcc\bin\..\lib\gcc-lib\msp430\3.2.3\libgcc.a(_reset_vector__.o) (__low_level_init)
C:\Program Files\mspgcc\bin\..\lib\gcc-lib\msp430\3.2.3\libgcc.a(_copy_data.o)
                              C:\Program Files\mspgcc\bin\..\lib\gcc-lib\msp430\3.2.3\libgcc.a(_reset_vector__.o) (__do_copy_data)
C:\Program Files\mspgcc\bin\..\lib\gcc-lib\msp430\3.2.3\libgcc.a(_clear_bss.o)
                              C:\Program Files\mspgcc\bin\..\lib\gcc-lib\msp430\3.2.3\libgcc.a(_reset_vector__.o) (__do_clear_bss)
C:\Program Files\mspgcc\bin\..\lib\gcc-lib\msp430\3.2.3\libgcc.a(__jump_to_main.o)
                              C:\Program Files\mspgcc\bin\..\lib\gcc-lib\msp430\3.2.3\libgcc.a(_reset_vector__.o) (__jump_to_main)
C:\Program Files\mspgcc\bin\..\lib\gcc-lib\msp430\3.2.3\..\..\..\..\msp430\lib\libc.a(isdigit.o)
                              ../../..//mcu/libfitkit/build\libfitkit_f1xx.a(globfun_f1xx.o) (isdigit)
C:\Program Files\mspgcc\bin\..\lib\gcc-lib\msp430\3.2.3\..\..\..\..\msp430\lib\libc.a(strlen.o)
                              build/mcu/display_f1xx.o (strlen)

Allocating common symbols
Common symbol       size              file

BreakFlag           0x1               ../../..//mcu/libfitkit/build\libfitkit_f1xx.a(uart_f1xx.o)
TransmitNum         0x1               ../../..//mcu/libfitkit/build\libfitkit_f1xx.a(uart_f1xx.o)
last_ch             0x1               build/mcu/main_f1xx.o
index_buf           0x1               build/mcu/keyboard_f1xx.o
Cmd_Old             0x1               ../../..//mcu/libfitkit/build\libfitkit_f1xx.a(terminal_f1xx.o)
cb_fun              0x2               ../../..//mcu/libfitkit/build\libfitkit_f1xx.a(filetransfer_f1xx.o)
lcd_shift_addr      0x2               build/mcu/display_f1xx.o
ReceiveNum          0x2               ../../..//mcu/libfitkit/build\libfitkit_f1xx.a(uart_f1xx.o)
lcd_cursor_addr     0x2               build/mcu/display_f1xx.o
char_cnt            0x1               build/mcu/main_f1xx.o
cb_buf              0x2               ../../..//mcu/libfitkit/build\libfitkit_f1xx.a(filetransfer_f1xx.o)
CMD_Long            0x4               ../../..//mcu/libfitkit/build\libfitkit_f1xx.a(cmd_f1xx.o)
keyboard_buffer     0x14              build/mcu/keyboard_f1xx.o
CountPage           0x2               ../../..//mcu/libfitkit/build\libfitkit_f1xx.a(flash_f1xx.o)
ReceiveBuf          0x7f              ../../..//mcu/libfitkit/build\libfitkit_f1xx.a(uart_f1xx.o)
ReceiveIndexRec     0x2               ../../..//mcu/libfitkit/build\libfitkit_f1xx.a(uart_f1xx.o)
TransmitBuf         0x64              ../../..//mcu/libfitkit/build\libfitkit_f1xx.a(uart_f1xx.o)
ErrorFlag           0x1               ../../..//mcu/libfitkit/build\libfitkit_f1xx.a(uart_f1xx.o)
ReceiveIndex        0x2               ../../..//mcu/libfitkit/build\libfitkit_f1xx.a(uart_f1xx.o)
TransmitIndexSend   0x1               ../../..//mcu/libfitkit/build\libfitkit_f1xx.a(uart_f1xx.o)
TypeBufferFlash     0x1               ../../..//mcu/libfitkit/build\libfitkit_f1xx.a(flash_f1xx.o)
TransmitIndex       0x1               ../../..//mcu/libfitkit/build\libfitkit_f1xx.a(uart_f1xx.o)
PomRS232            0x1               ../../..//mcu/libfitkit/build\libfitkit_f1xx.a(uart_f1xx.o)
AdrBufferFlash      0x2               ../../..//mcu/libfitkit/build\libfitkit_f1xx.a(flash_f1xx.o)
CMDStr              0x19              ../../..//mcu/libfitkit/build\libfitkit_f1xx.a(cmd_f1xx.o)
Cmd                 0x1               ../../..//mcu/libfitkit/build\libfitkit_f1xx.a(terminal_f1xx.o)
write_index_buf     0x1               build/mcu/keyboard_f1xx.o
chars_in_buf        0x1               build/mcu/keyboard_f1xx.o
CMDStrLen           0x1               ../../..//mcu/libfitkit/build\libfitkit_f1xx.a(cmd_f1xx.o)

Memory Configuration

Name             Origin             Length             Attributes
text             0x00004000         0x0000bfe0         xr
data             0x00000200         0x00000800         xrw
vectors          0x0000ffe0         0x00000020         rw
bootloader       0x00000c00         0x00000400         xr
infomem          0x00001000         0x00000100         xr
infomemnobits    0x00001000         0x00000100         xr
*default*        0x00000000         0xffffffff

Linker script and memory map

LOAD C:\Program Files\mspgcc\bin\..\lib\gcc-lib\msp430\3.2.3\..\..\..\..\msp430\lib\crt430x168.o
LOAD build/mcu/keyboard_f1xx.o
LOAD build/mcu/display_f1xx.o
LOAD build/mcu/main_f1xx.o
LOAD ../../..//mcu/libfitkit/build\libfitkit_f1xx.a
LOAD C:\Program Files\mspgcc\bin\..\lib\gcc-lib\msp430\3.2.3\libgcc.a
LOAD C:\Program Files\mspgcc\bin\..\lib\gcc-lib\msp430\3.2.3\..\..\..\..\msp430\lib\libc.a
LOAD C:\Program Files\mspgcc\bin\..\lib\gcc-lib\msp430\3.2.3\libgcc.a

.hash
 *(.hash)

.dynsym
 *(.dynsym)

.dynstr
 *(.dynstr)

.gnu.version
 *(.gnu.version)

.gnu.version_d
 *(.gnu.version_d)

.gnu.version_r
 *(.gnu.version_r)

.rel.init
 *(.rel.init)

.rela.init
 *(.rela.init)

.rel.text
 *(.rel.text)
 *(.rel.text.*)
 *(.rel.gnu.linkonce.t*)

.rela.text
 *(.rela.text)
 *(.rela.text.*)
 *(.rela.gnu.linkonce.t*)

.rel.fini
 *(.rel.fini)

.rela.fini
 *(.rela.fini)

.rel.rodata
 *(.rel.rodata)
 *(.rel.rodata.*)
 *(.rel.gnu.linkonce.r*)

.rela.rodata
 *(.rela.rodata)
 *(.rela.rodata.*)
 *(.rela.gnu.linkonce.r*)

.rel.data
 *(.rel.data)
 *(.rel.data.*)
 *(.rel.gnu.linkonce.d*)

.rela.data
 *(.rela.data)
 *(.rela.data.*)
 *(.rela.gnu.linkonce.d*)

.rel.ctors
 *(.rel.ctors)

.rela.ctors
 *(.rela.ctors)

.rel.dtors
 *(.rel.dtors)

.rela.dtors
 *(.rela.dtors)

.rel.got
 *(.rel.got)

.rela.got
 *(.rela.got)

.rel.bss
 *(.rel.bss)

.rela.bss
 *(.rela.bss)

.rel.plt
 *(.rel.plt)

.rela.plt
 *(.rela.plt)

.text           0x00004000     0x4bd0
                0x00004000                . = ALIGN (0x2)
 *(.init)
 *(.init)
 *(.init0)
 .init0         0x00004000        0x0 C:\Program Files\mspgcc\bin\..\lib\gcc-lib\msp430\3.2.3\libgcc.a(_reset_vector__.o)
                0x00004000                _reset_vector__
 *(.init0)
 *(.init1)
 *(.init1)
 *(.init2)
 *(.init2)
 *(.init3)
 .init3         0x00004000        0x6 C:\Program Files\mspgcc\bin\..\lib\gcc-lib\msp430\3.2.3\libgcc.a(__low_level_init.o)
                0x00004000                __low_level_init
 *(.init3)
 *(.init4)
 .init4         0x00004006       0x12 C:\Program Files\mspgcc\bin\..\lib\gcc-lib\msp430\3.2.3\libgcc.a(_copy_data.o)
                0x00004006                __do_copy_data
 .init4         0x00004018       0x10 C:\Program Files\mspgcc\bin\..\lib\gcc-lib\msp430\3.2.3\libgcc.a(_clear_bss.o)
                0x00004018                __do_clear_bss
 *(.init4)
 *(.init5)
 *(.init5)
 *(.init6)
 *(.init6)
 *(.init7)
 *(.init7)
 *(.init8)
 *(.init8)
 *(.init9)
 .init9         0x00004028        0x4 C:\Program Files\mspgcc\bin\..\lib\gcc-lib\msp430\3.2.3\libgcc.a(__jump_to_main.o)
                0x00004028                __jump_to_main
 *(.init9)
                0x0000402c                __ctors_start = .
 *(.ctors)
 *(.ctors)
                0x0000402c                __ctors_end = .
                0x0000402c                __dtors_start = .
 *(.dtors)
 *(.dtors)
                0x0000402c                __dtors_end = .
                0x0000402c                . = ALIGN (0x2)
 *(.text)
 .text          0x0000402c        0x6 C:\Program Files\mspgcc\bin\..\lib\gcc-lib\msp430\3.2.3\..\..\..\..\msp430\lib\crt430x168.o
                0x0000402c                _unexpected_1_
                0x0000402c                vector_ffe0
                0x0000402c                vector_ffec
                0x0000402c                vector_fffc
                0x0000402c                vector_ffe4
                0x0000402c                vector_ffe2
                0x0000402c                vector_ffe8
                0x00004030                _unexpected_
                0x0000402c                vector_fffa
                0x0000402c                vector_ffee
                0x0000402c                vector_fff4
                0x0000402c                vector_fff8
                0x0000402c                vector_ffe6
                0x0000402c                vector_fff6
                0x0000402c                vector_ffea
 .text          0x00004032      0x1aa build/mcu/keyboard_f1xx.o
                0x00004074                keyboard_handle_interrupt
                0x000040c2                key_decode
                0x00004032                keyboard_get_char
 .text          0x000041dc      0x280 build/mcu/display_f1xx.o
                0x00004238                LCD_clear
                0x0000442c                LCD_rotate
                0x0000426a                LCD_init
                0x000043a6                LCD_write_string
                0x000042b4                LCD_load_char
                0x00004296                LCD_char2dis
                0x00004324                LCD_append_char
                0x000043ca                LCD_append_string
                0x000041dc                LCD_send_cmd
 .text          0x0000445c      0x18e build/mcu/main_f1xx.o
                0x0000449a                keyboard_idle
                0x0000453e                decode_user_cmd
                0x0000445c                print_user_help
                0x0000457a                main
                0x00004560                fpga_initialized
 .text          0x000045ea      0x406 ../../..//mcu/libfitkit/build\libfitkit_f1xx.a(fitkitlib_f1xx.o)
                0x00004616                clock_system_init
                0x000045ea                delay_cycle
                0x00004658                smclk_stop
                0x000046dc                fpga_configure_from_flash
                0x000048d0                initialize_hardware_
                0x000049e0                initialize_hardware
                0x000047da                fpga_configure_from_mcu
 .text          0x000049f0     0x1448 ../../..//mcu/libfitkit/build\libfitkit_f1xx.a(flash_f1xx.o)
                0x00005ac6                FLASH_Dump_Page
                0x000059b2                FLASH_EraseAll
                0x00005346                FLASH_ReadDataBuffer
                0x00005906                FLASH_ErasePage
                0x00004dea                FLASH_print_status
                0x00005a6a                FLASH_Dump_Block
                0x00005b76                FLASH_Dump_Adr
                0x00004ae8                flash_init
                0x0000595c                FLASH_EraseBlock
                0x00005534                FLASH_ReadDataA
                0x000052b6                FLASH_WriteDataBuffer
                0x00004be4                FLASH_availablepages
                0x000054ca                FLASH_isPageBlank
                0x00004cc4                FLASH_IsReady
                0x00004c52                FLASH_blocks
                0x000049f0                FLASH_PageToAddr
                0x000051ea                FLASH_WriteToBuffer
                0x00005838                FLASH_WriteByte
                0x0000545c                FLASH_ReadData_Finalize
                0x0000562e                FLASH_ReadMemoryBuffer
                0x00004c6c                FLASH_size
                0x00005a1a                FLASH_Dump_All
                0x00004a22                flash_init_
                0x000055b8                FLASH_WriteBufferMemory
                0x000053e2                FLASH_ReadData_Initialize
                0x0000546a                FLASH_ReadData
                0x000058dc                FLASH_EraseByte
                0x00004c92                FLASH_ReadStatus
                0x000056b2                FLASH_ProgFPGA
 .text          0x00005e38      0x418 ../../..//mcu/libfitkit/build\libfitkit_f1xx.a(flash_fpga_f1xx.o)
                0x00005e38                delay_cycle_
                0x00005fe4                FPGAConfig_finalize
                0x00006036                FPGAConfig_detect_fpga
                0x00005efe                FPGAConfig_initialize
                0x00005e64                FPGAConfig_init
 .text          0x00006250      0x290 ../../..//mcu/libfitkit/build\libfitkit_f1xx.a(fpga_f1xx.o)
                0x00006286                FPGA_SPI_RW_A8_D8
                0x000062d6                FPGA_SPI_RW_A8_D16
                0x000063ea                FPGA_SPI_RW_AN_DN
                0x0000634c                FPGA_SPI_RW_A8_DN
                0x00006250                FPGA_init
                0x00006262                FPGA_reset
 .text          0x000064e0      0x706 ../../..//mcu/libfitkit/build\libfitkit_f1xx.a(globfun_f1xx.o)
                0x000064e0                chr2bin
                0x000065f2                chr2digit
                0x0000659a                chr2hex
                0x00006994                strrev
                0x00006724                str2long
                0x000067f4                str2long_2x
                0x0000666e                hex2chr
                0x0000654e                digit2chr
                0x00006a00                strupper
                0x00006a96                long2str
                0x000066c2                rchr
 .text          0x00006be6       0xbe ../../..//mcu/libfitkit/build\libfitkit_f1xx.a(spi_f1xx.o)
                0x00006c28                SPI_Close
                0x00006c48                SPI_read_wait_write
                0x00006c78                SPI_write_wait_read
                0x00006be6                SPI_Init
 .text          0x00006ca4      0x926 ../../..//mcu/libfitkit/build\libfitkit_f1xx.a(terminal_f1xx.o)
                0x00006cc8                terminal_init
                0x00006fd4                terminal_idle_cb
                0x000075ba                terminal_idle
 .text          0x000075ca       0xdc ../../..//mcu/libfitkit/build\libfitkit_f1xx.a(timer_b_f1xx.o)
                0x000075ca                timerb_init
                0x000075e0                delay_ms
 .text          0x000076a6      0x3fc ../../..//mcu/libfitkit/build\libfitkit_f1xx.a(uart_f1xx.o)
                0x000077f4                term_send_str
                0x000079f8                TxintrRS232
                0x00007832                term_send_num
                0x00007874                term_send_hex
                0x00007a3a                RxintrRS232
                0x000079f8                vector_fff0
                0x000078f8                term_rcv_block
                0x00007794                term_send_char_idle
                0x00007714                serial_close
                0x00007996                term_rcv_char_t
                0x00007a3a                vector_fff2
                0x000076a6                serial_init
                0x000077bc                term_send_char_hex
                0x000078b6                term_rcv_char
                0x0000774e                term_send_char
 .text          0x00007aa2      0x878 ../../..//mcu/libfitkit/build\libfitkit_f1xx.a(filetransfer_f1xx.o)
                0x00007b64                send_header
                0x00008074                SPI_WriteFile
                0x00007fb2                sendPageSPI
                0x00008246                ReceiveFile
                0x00007cd2                writePageToFlash
                0x00008110                FLASH_WriteFile
                0x00007aa2                serial_rx_timeout
                0x0000816e                cbPage
                0x00007e78                transmittFile
                0x00007afe                serial_tx_buf
 .text          0x0000831a      0x7f2 ../../..//mcu/libfitkit/build\libfitkit_f1xx.a(cmd_f1xx.o)
                0x000083f4                term_cmd_decode
                0x00008328                term_cmd_read
                0x0000831a                term_cmd_clear
 .text          0x00008b0c        0x0 C:\Program Files\mspgcc\bin\..\lib\gcc-lib\msp430\3.2.3\libgcc.a(__stop_progExec__.o)
 .text          0x00008b0c        0x0 C:\Program Files\mspgcc\bin\..\lib\gcc-lib\msp430\3.2.3\libgcc.a(_mulsi3hw.o)
 .text          0x00008b0c        0x0 C:\Program Files\mspgcc\bin\..\lib\gcc-lib\msp430\3.2.3\libgcc.a(_udivmodsi4.o)
 .text          0x00008b0c        0x0 C:\Program Files\mspgcc\bin\..\lib\gcc-lib\msp430\3.2.3\libgcc.a(_divmodsi4.o)
 .text          0x00008b0c        0x0 C:\Program Files\mspgcc\bin\..\lib\gcc-lib\msp430\3.2.3\libgcc.a(_reset_vector__.o)
 .text          0x00008b0c        0x0 C:\Program Files\mspgcc\bin\..\lib\gcc-lib\msp430\3.2.3\libgcc.a(__low_level_init.o)
 .text          0x00008b0c        0x0 C:\Program Files\mspgcc\bin\..\lib\gcc-lib\msp430\3.2.3\libgcc.a(_copy_data.o)
 .text          0x00008b0c        0x0 C:\Program Files\mspgcc\bin\..\lib\gcc-lib\msp430\3.2.3\libgcc.a(_clear_bss.o)
 .text          0x00008b0c        0x0 C:\Program Files\mspgcc\bin\..\lib\gcc-lib\msp430\3.2.3\libgcc.a(__jump_to_main.o)
 .text          0x00008b0c       0x12 C:\Program Files\mspgcc\bin\..\lib\gcc-lib\msp430\3.2.3\..\..\..\..\msp430\lib\libc.a(isdigit.o)
                0x00008b0c                isdigit
 .text          0x00008b1e       0x14 C:\Program Files\mspgcc\bin\..\lib\gcc-lib\msp430\3.2.3\..\..\..\..\msp430\lib\libc.a(strlen.o)
                0x00008b1e                strlen
                0x00008b32                . = ALIGN (0x2)
 *(.text.*)
 .text.libgcc   0x00008b32        0x0 C:\Program Files\mspgcc\bin\..\lib\gcc-lib\msp430\3.2.3\libgcc.a(__stop_progExec__.o)
 .text.libgcc   0x00008b32       0x28 C:\Program Files\mspgcc\bin\..\lib\gcc-lib\msp430\3.2.3\libgcc.a(_mulsi3hw.o)
                0x00008b32                __umulsi3hw
 .text.libgcc   0x00008b5a       0x2a C:\Program Files\mspgcc\bin\..\lib\gcc-lib\msp430\3.2.3\libgcc.a(_udivmodsi4.o)
                0x00008b5a                __udivmodsi4
 .text.libgcc   0x00008b84       0x4a C:\Program Files\mspgcc\bin\..\lib\gcc-lib\msp430\3.2.3\libgcc.a(_divmodsi4.o)
                0x00008b84                __divmodsi4
 .text.libgcc   0x00008bce        0x0 C:\Program Files\mspgcc\bin\..\lib\gcc-lib\msp430\3.2.3\libgcc.a(_reset_vector__.o)
 .text.libgcc   0x00008bce        0x0 C:\Program Files\mspgcc\bin\..\lib\gcc-lib\msp430\3.2.3\libgcc.a(__low_level_init.o)
 .text.libgcc   0x00008bce        0x0 C:\Program Files\mspgcc\bin\..\lib\gcc-lib\msp430\3.2.3\libgcc.a(_copy_data.o)
 .text.libgcc   0x00008bce        0x0 C:\Program Files\mspgcc\bin\..\lib\gcc-lib\msp430\3.2.3\libgcc.a(_clear_bss.o)
 .text.libgcc   0x00008bce        0x0 C:\Program Files\mspgcc\bin\..\lib\gcc-lib\msp430\3.2.3\libgcc.a(__jump_to_main.o)
                0x00008bce                . = ALIGN (0x2)
 *(.fini9)
 .fini9         0x00008bce        0x0 C:\Program Files\mspgcc\bin\..\lib\gcc-lib\msp430\3.2.3\libgcc.a(__stop_progExec__.o)
                0x00008bce                __stop_progExec__
 *(.fini9)
 *(.fini8)
 *(.fini8)
 *(.fini7)
 *(.fini7)
 *(.fini6)
 *(.fini6)
 *(.fini5)
 *(.fini5)
 *(.fini4)
 *(.fini4)
 *(.fini3)
 *(.fini3)
 *(.fini2)
 *(.fini2)
 *(.fini1)
 *(.fini1)
 *(.fini0)
 .fini0         0x00008bce        0x2 C:\Program Files\mspgcc\bin\..\lib\gcc-lib\msp430\3.2.3\libgcc.a(__stop_progExec__.o)
 *(.fini0)
 *(.fini)
 *(.fini)
                0x00008bd0                _etext = .

.data           0x00000200        0x6 load address 0x00008bd0
                0x00000200                PROVIDE (__data_start, .)
                0x00000200                . = ALIGN (0x2)
 *(.data)
 .data          0x00000200        0x0 C:\Program Files\mspgcc\bin\..\lib\gcc-lib\msp430\3.2.3\..\..\..\..\msp430\lib\crt430x168.o
 .data          0x00000200        0x0 build/mcu/keyboard_f1xx.o
 .data          0x00000200        0x0 build/mcu/display_f1xx.o
 .data          0x00000200        0x0 build/mcu/main_f1xx.o
 .data          0x00000200        0x4 ../../..//mcu/libfitkit/build\libfitkit_f1xx.a(fitkitlib_f1xx.o)
                0x00000200                FPGA_config_length
 .data          0x00000204        0x2 ../../..//mcu/libfitkit/build\libfitkit_f1xx.a(flash_f1xx.o)
                0x00000204                CNT_PAGES
 .data          0x00000206        0x0 ../../..//mcu/libfitkit/build\libfitkit_f1xx.a(flash_fpga_f1xx.o)
 .data          0x00000206        0x0 ../../..//mcu/libfitkit/build\libfitkit_f1xx.a(fpga_f1xx.o)
 .data          0x00000206        0x0 ../../..//mcu/libfitkit/build\libfitkit_f1xx.a(globfun_f1xx.o)
 .data          0x00000206        0x0 ../../..//mcu/libfitkit/build\libfitkit_f1xx.a(spi_f1xx.o)
 .data          0x00000206        0x0 ../../..//mcu/libfitkit/build\libfitkit_f1xx.a(terminal_f1xx.o)
 .data          0x00000206        0x0 ../../..//mcu/libfitkit/build\libfitkit_f1xx.a(timer_b_f1xx.o)
 .data          0x00000206        0x0 ../../..//mcu/libfitkit/build\libfitkit_f1xx.a(uart_f1xx.o)
 .data          0x00000206        0x0 ../../..//mcu/libfitkit/build\libfitkit_f1xx.a(filetransfer_f1xx.o)
 .data          0x00000206        0x0 ../../..//mcu/libfitkit/build\libfitkit_f1xx.a(cmd_f1xx.o)
 .data          0x00000206        0x0 C:\Program Files\mspgcc\bin\..\lib\gcc-lib\msp430\3.2.3\libgcc.a(__stop_progExec__.o)
 .data          0x00000206        0x0 C:\Program Files\mspgcc\bin\..\lib\gcc-lib\msp430\3.2.3\libgcc.a(_mulsi3hw.o)
 .data          0x00000206        0x0 C:\Program Files\mspgcc\bin\..\lib\gcc-lib\msp430\3.2.3\libgcc.a(_udivmodsi4.o)
 .data          0x00000206        0x0 C:\Program Files\mspgcc\bin\..\lib\gcc-lib\msp430\3.2.3\libgcc.a(_divmodsi4.o)
 .data          0x00000206        0x0 C:\Program Files\mspgcc\bin\..\lib\gcc-lib\msp430\3.2.3\libgcc.a(_reset_vector__.o)
 .data          0x00000206        0x0 C:\Program Files\mspgcc\bin\..\lib\gcc-lib\msp430\3.2.3\libgcc.a(__low_level_init.o)
 .data          0x00000206        0x0 C:\Program Files\mspgcc\bin\..\lib\gcc-lib\msp430\3.2.3\libgcc.a(_copy_data.o)
 .data          0x00000206        0x0 C:\Program Files\mspgcc\bin\..\lib\gcc-lib\msp430\3.2.3\libgcc.a(_clear_bss.o)
 .data          0x00000206        0x0 C:\Program Files\mspgcc\bin\..\lib\gcc-lib\msp430\3.2.3\libgcc.a(__jump_to_main.o)
 .data          0x00000206        0x0 C:\Program Files\mspgcc\bin\..\lib\gcc-lib\msp430\3.2.3\..\..\..\..\msp430\lib\libc.a(isdigit.o)
 .data          0x00000206        0x0 C:\Program Files\mspgcc\bin\..\lib\gcc-lib\msp430\3.2.3\..\..\..\..\msp430\lib\libc.a(strlen.o)
 *(SORT(.data.*))
                0x00000206                . = ALIGN (0x2)
 *(.gnu.linkonce.d*)
                0x00000206                . = ALIGN (0x2)
                0x00000206                _edata = .
                0x00008bd0                PROVIDE (__data_load_start, LOADADDR (.data))
                0x00000006                PROVIDE (__data_size, SIZEOF (.data))

.bootloader     0x00000c00        0x0
                0x00000c00                PROVIDE (__boot_start, .)
 *(.bootloader)
                0x00000c00                . = ALIGN (0x2)
 *(.bootloader.*)

.infomem        0x00001000        0x0
 *(.infomem)
                0x00001000                . = ALIGN (0x2)
 *(.infomem.*)

.infomemnobits  0x00001000        0x0
 *(.infomemnobits)
                0x00001000                . = ALIGN (0x2)
 *(.infomemnobits.*)

.bss            0x00000206      0x13a
                0x00000206                PROVIDE (__bss_start, .)
 *(.bss)
 .bss           0x00000206        0x0 C:\Program Files\mspgcc\bin\..\lib\gcc-lib\msp430\3.2.3\..\..\..\..\msp430\lib\crt430x168.o
 .bss           0x00000206        0x0 build/mcu/keyboard_f1xx.o
 .bss           0x00000206        0x0 build/mcu/display_f1xx.o
 .bss           0x00000206        0x0 build/mcu/main_f1xx.o
 .bss           0x00000206        0x0 ../../..//mcu/libfitkit/build\libfitkit_f1xx.a(fitkitlib_f1xx.o)
 .bss           0x00000206        0x0 ../../..//mcu/libfitkit/build\libfitkit_f1xx.a(flash_f1xx.o)
 .bss           0x00000206        0x0 ../../..//mcu/libfitkit/build\libfitkit_f1xx.a(flash_fpga_f1xx.o)
 .bss           0x00000206        0x0 ../../..//mcu/libfitkit/build\libfitkit_f1xx.a(fpga_f1xx.o)
 .bss           0x00000206        0x0 ../../..//mcu/libfitkit/build\libfitkit_f1xx.a(globfun_f1xx.o)
 .bss           0x00000206        0x0 ../../..//mcu/libfitkit/build\libfitkit_f1xx.a(spi_f1xx.o)
 .bss           0x00000206        0x0 ../../..//mcu/libfitkit/build\libfitkit_f1xx.a(terminal_f1xx.o)
 .bss           0x00000206        0x0 ../../..//mcu/libfitkit/build\libfitkit_f1xx.a(timer_b_f1xx.o)
 .bss           0x00000206        0x0 ../../..//mcu/libfitkit/build\libfitkit_f1xx.a(uart_f1xx.o)
 .bss           0x00000206        0x0 ../../..//mcu/libfitkit/build\libfitkit_f1xx.a(filetransfer_f1xx.o)
 .bss           0x00000206        0x0 ../../..//mcu/libfitkit/build\libfitkit_f1xx.a(cmd_f1xx.o)
 .bss           0x00000206        0x0 C:\Program Files\mspgcc\bin\..\lib\gcc-lib\msp430\3.2.3\libgcc.a(__stop_progExec__.o)
 .bss           0x00000206        0x0 C:\Program Files\mspgcc\bin\..\lib\gcc-lib\msp430\3.2.3\libgcc.a(_mulsi3hw.o)
 .bss           0x00000206        0x0 C:\Program Files\mspgcc\bin\..\lib\gcc-lib\msp430\3.2.3\libgcc.a(_udivmodsi4.o)
 .bss           0x00000206        0x0 C:\Program Files\mspgcc\bin\..\lib\gcc-lib\msp430\3.2.3\libgcc.a(_divmodsi4.o)
 .bss           0x00000206        0x0 C:\Program Files\mspgcc\bin\..\lib\gcc-lib\msp430\3.2.3\libgcc.a(_reset_vector__.o)
 .bss           0x00000206        0x0 C:\Program Files\mspgcc\bin\..\lib\gcc-lib\msp430\3.2.3\libgcc.a(__low_level_init.o)
 .bss           0x00000206        0x0 C:\Program Files\mspgcc\bin\..\lib\gcc-lib\msp430\3.2.3\libgcc.a(_copy_data.o)
 .bss           0x00000206        0x0 C:\Program Files\mspgcc\bin\..\lib\gcc-lib\msp430\3.2.3\libgcc.a(_clear_bss.o)
 .bss           0x00000206        0x0 C:\Program Files\mspgcc\bin\..\lib\gcc-lib\msp430\3.2.3\libgcc.a(__jump_to_main.o)
 .bss           0x00000206        0x0 C:\Program Files\mspgcc\bin\..\lib\gcc-lib\msp430\3.2.3\..\..\..\..\msp430\lib\libc.a(isdigit.o)
 .bss           0x00000206        0x0 C:\Program Files\mspgcc\bin\..\lib\gcc-lib\msp430\3.2.3\..\..\..\..\msp430\lib\libc.a(strlen.o)
 *(SORT(.bss.*))
 *(COMMON)
 COMMON         0x00000206       0x18 build/mcu/keyboard_f1xx.o
                0x00000206                index_buf
                0x00000208                keyboard_buffer
                0x0000021c                write_index_buf
                0x0000021d                chars_in_buf
 COMMON         0x0000021e        0x4 build/mcu/display_f1xx.o
                0x0000021e                lcd_shift_addr
                0x00000220                lcd_cursor_addr
 COMMON         0x00000222        0x2 build/mcu/main_f1xx.o
                0x00000222                last_ch
                0x00000223                char_cnt
 COMMON         0x00000224        0x6 ../../..//mcu/libfitkit/build\libfitkit_f1xx.a(flash_f1xx.o)
                0x00000224                CountPage
                0x00000226                TypeBufferFlash
                0x00000228                AdrBufferFlash
 COMMON         0x0000022a        0x2 ../../..//mcu/libfitkit/build\libfitkit_f1xx.a(terminal_f1xx.o)
                0x0000022a                Cmd_Old
                0x0000022b                Cmd
 COMMON         0x0000022c       0xf1 ../../..//mcu/libfitkit/build\libfitkit_f1xx.a(uart_f1xx.o)
                0x0000022c                BreakFlag
                0x0000022d                TransmitNum
                0x0000022e                ReceiveNum
                0x00000230                ReceiveBuf
                0x000002b0                ReceiveIndexRec
                0x000002b2                TransmitBuf
                0x00000316                ErrorFlag
                0x00000318                ReceiveIndex
                0x0000031a                TransmitIndexSend
                0x0000031b                TransmitIndex
                0x0000031c                PomRS232
 *fill*         0x0000031d        0x1 00
 COMMON         0x0000031e        0x4 ../../..//mcu/libfitkit/build\libfitkit_f1xx.a(filetransfer_f1xx.o)
                0x0000031e                cb_fun
                0x00000320                cb_buf
 COMMON         0x00000322       0x1e ../../..//mcu/libfitkit/build\libfitkit_f1xx.a(cmd_f1xx.o)
                0x00000322                CMD_Long
                0x00000326                CMDStr
                0x0000033f                CMDStrLen
                0x00000340                PROVIDE (__bss_end, .)
                0x00000340                _end = .
                0x0000013a                PROVIDE (__bss_size, SIZEOF (.bss))

.noinit         0x00000340        0x0
                0x00000340                PROVIDE (__noinit_start, .)
 *(.noinit)
 *(.noinit.*)
 *(COMMON)
                0x00000340                PROVIDE (__noinit_end, .)
                0x00000340                _end = .

.vectors        0x0000ffe0       0x20
                0x0000ffe0                PROVIDE (__vectors_start, .)
 *(.vectors*)
 .vectors       0x0000ffe0       0x20 C:\Program Files\mspgcc\bin\..\lib\gcc-lib\msp430\3.2.3\..\..\..\..\msp430\lib\crt430x168.o
                0x0000ffe0                InterruptVectors
 *(.vectors*)
                0x00010000                _vectors_end = .

.profiler
 *(.profiler)

.stab           0x00000000      0x678
 *(.stab)
 .stab          0x00000000       0xf0 C:\Program Files\mspgcc\bin\..\lib\gcc-lib\msp430\3.2.3\..\..\..\..\msp430\lib\crt430x168.o
 .stab          0x000000f0      0x168 C:\Program Files\mspgcc\bin\..\lib\gcc-lib\msp430\3.2.3\..\..\..\..\msp430\lib\libc.a(isdigit.o)
                                0x174 (size before relaxing)
 .stab          0x00000258      0x420 C:\Program Files\mspgcc\bin\..\lib\gcc-lib\msp430\3.2.3\..\..\..\..\msp430\lib\libc.a(strlen.o)
                                0x42c (size before relaxing)

.stabstr        0x00000000      0x8d6
 *(.stabstr)
 .stabstr       0x00000000      0x8d6 C:\Program Files\mspgcc\bin\..\lib\gcc-lib\msp430\3.2.3\..\..\..\..\msp430\lib\crt430x168.o

.stab.excl
 *(.stab.excl)

.stab.exclstr
 *(.stab.exclstr)

.stab.index
 *(.stab.index)

.stab.indexstr
 *(.stab.indexstr)

.comment
 *(.comment)

.debug
 *(.debug)

.line
 *(.line)

.debug_srcinfo
 *(.debug_srcinfo)

.debug_sfnames
 *(.debug_sfnames)

.debug_aranges
 *(.debug_aranges)

.debug_pubnames
 *(.debug_pubnames)

.debug_info
 *(.debug_info)
 *(.gnu.linkonce.wi.*)

.debug_abbrev
 *(.debug_abbrev)

.debug_line
 *(.debug_line)

.debug_frame
 *(.debug_frame)

.debug_str
 *(.debug_str)

.debug_loc
 *(.debug_loc)

.debug_macinfo
 *(.debug_macinfo)
                0x00000a00                PROVIDE (__stack, 0xa00)
                0x00008bd0                PROVIDE (__data_start_rom, _etext)
                0x00008bd6                PROVIDE (__data_end_rom, (_etext + SIZEOF (.data)))
                0x00008bd6                PROVIDE (__noinit_start_rom, (_etext + SIZEOF (.data)))
                0x00008bd6                PROVIDE (__noinit_end_rom, ((_etext + SIZEOF (.data)) + SIZEOF (.noinit)))
                0x00000000                PROVIDE (__subdevice_has_heap, 0x0)
OUTPUT(build/kblcd_f1xx.elf elf32-msp430)
